// Jest Snapshot v1, https://goo.gl/fbAQLP

exports[`user profile container component matches snapshot 1`] = `
<div>
  <Connect(Header) />
  <div
    className="container"
  >
    <UserProfile />
    <FavoriteRecipeTitle />
    <section>
      <n
        color="#FF4601"
        size={30}
      />
    </section>
  </div>
  <PaginationBoxView
    activeClassName="active"
    breakClassName="page-link"
    breakLabel={
      <a
        href=""
      >
        ...
      </a>
    }
    containerClassName="pagination justify-content-center"
    disableInitialCallback={false}
    disabledClassName="disabled"
    marginPagesDisplayed={3}
    nextClassName="page-item"
    nextLabel="Next"
    nextLinkClassName="page-link"
    onPageChange={[Function]}
    pageClassName="page-item"
    pageCount={10}
    pageLinkClassName="page-link"
    pageRangeDisplayed={2}
    previousClassName="page-item"
    previousLabel="Previous"
    previousLinkClassName="page-link"
    subContainerClassName="pages pagination"
  />
  <Footer />
</div>
`;
