// Jest Snapshot v1, https://goo.gl/fbAQLP

exports[`Edit recipe button component matches snapshot 1`] = `
<div>
  <button
    className="btn edit-button"
    data-target="#editModal"
    data-toggle="modal"
    data-whatever="@getbootstrap"
    type="button"
  >
    <i
      aria-hidden="true"
      className="fa fa-pencil-square-o"
    />
  </button>
</div>
`;
